******************************************************************************
                  TI ARM Linker PC v20.2.5                     
******************************************************************************
>> Linked Wed May 25 12:25:09 2022

OUTPUT FILE NAME:   <gpiointerrupt_CC3220S_LAUNCHXL_nortos_ccs.out>
ENTRY POINT SYMBOL: "resetISR"  address: 2000e815


MEMORY CONFIGURATION

         name            origin    length      used     unused   attr    fill
----------------------  --------  ---------  --------  --------  ----  --------
  SRAM2                 20000000   00004000  0000130c  00002cf4  RW X
  SRAM                  20004000   0003c000  0000b8a8  00030758  RW X
  LOG_DATA              90000000   00040000  00000000  00040000  R   


SEGMENT ALLOCATION MAP

run origin  load origin   length   init length attrs members
----------  ----------- ---------- ----------- ----- -------
20003000    20003000    00001000   00000000    rw-
  20003000    20003000    00001000   00000000    rw- .stack
20004000    20004000    00000040   00000040    r--
  20004000    20004000    00000040   00000040    r-- .resetVecs
20004040    20004040    00008000   00000000    rw-
  20004040    20004040    00008000   00000000    rw- .sysmem
2000c040    2000c040    00002a8e   00002a8e    r-x
  2000c040    2000c040    00002a8e   00002a8e    r-x .text
2000ead0    2000ead0    00000a20   00000000    rw-
  2000ead0    2000ead0    00000722   00000000    rw- .data
  2000f1f8    2000f1f8    000002f8   00000000    rw- .bss
2000f4f0    2000f4f0    000003c0   000003c0    r--
  2000f4f0    2000f4f0    000002b0   000002b0    r-- .const
  2000f7a0    2000f7a0    00000110   00000110    r-- .cinit


SECTION ALLOCATION MAP

 output                                  attributes/
section   page    origin      length       input sections
--------  ----  ----------  ----------   ----------------
.text      0    2000c040    00002a8e     
                  2000c040    0000042c     driverlib.a : prcm.obj (.text:PRCMCC3200MCUInit)
                  2000c46c    000001a0     nortos_cc32xx.a : PowerCC32XX_nortos.oem4 (.text:PowerCC32XX_sleepPolicy)
                  2000c60c    00000154     drivers_cc32xx.a : GPIOCC32XX.oem4 (.text:GPIO_setConfig)
                  2000c760    00000148                      : PowerCC32XX.oem4 (.text:parkPins)
                  2000c8a8    00000138                      : PowerCC32XX.oem4 (.text:Power_sleep)
                  2000c9e0    00000138                      : TimerCC32XX.oem4 (.text:Timer_open)
                  2000cb18    00000100     rtsv7M4_T_le_eabi.lib : memory.c.obj (.text:aligned_alloc)
                  2000cc18    000000e4                           : memory.c.obj (.text:free)
                  2000ccfc    000000c0     drivers_cc32xx.a : PowerCC32XX.oem4 (.text:restoreParkedPins)
                  2000cdbc    000000a8     driverlib.a : interrupt.obj (.text:IntEnable)
                  2000ce64    000000a8     drivers_cc32xx.a : PowerCC32XX.oem4 (.text:PowerCC32XX_configureWakeup)
                  2000cf0c    000000a4     gpiointerrupt.obj (.text:timerCallback)
                  2000cfb0    000000a0     nortos_cc32xx.a : SemaphoreP_nortos.oem4 (.text:SemaphoreP_pend)
                  2000d050    0000009c     rtsv7M4_T_le_eabi.lib : memcpy_t2.asm.obj (.text)
                  2000d0ec    00000096                           : ull_div_t2.asm.obj (.text)
                  2000d182    00000002     ti_drivers_config.obj (.text:Board_initHook)
                  2000d184    00000090     drivers_cc32xx.a : GPIOCC32XX.oem4 (.text:GPIO_init)
                  2000d214    00000090                      : PowerCC32XX.oem4 (.text:restoreNVICRegs)
                  2000d2a4    0000008c     nortos_cc32xx.a : HwiPCC32XX_nortos.oem4 (.text:HwiP_construct)
                  2000d330    00000088     driverlib.a : interrupt.obj (.text:IntPendSet)
                  2000d3b8    00000088                 : pin.obj (.text:PinConfigSet)
                  2000d440    00000084     drivers_cc32xx.a : PowerCC32XX.oem4 (.text:Power_init)
                  2000d4c4    00000084                      : PowerCC32XX.oem4 (.text:saveNVICRegs)
                  2000d548    00000080                      : GPIOCC32XX.oem4 (.text:GPIO_write)
                  2000d5c8    00000080                      : PowerCC32XX.oem4 (.text:Power_setDependency)
                  2000d648    00000074                      : GPIOCC32XX.oem4 (.text:powerNotifyFxn)
                  2000d6bc    00000070     rtsv7M4_T_le_eabi.lib : memory.c.obj (.text:split)
                  2000d72c    00000068                           : copy_decompress_lzss.c.obj (.text:decompress:lzss:__TI_decompress_lzss)
                  2000d794    00000064     drivers_cc32xx.a : GPIOCC32XX.oem4 (.text:GPIO_setInterruptConfig)
                  2000d7f8    00000064                      : PowerCC32XX.oem4 (.text:PowerCC32XX_setParkState)
                  2000d85c    00000060                      : GPIOCC32XX.oem4 (.text:GPIO_hwiIntFxn)
                  2000d8bc    00000060     driverlib.a : prcm.obj (.text:PRCMSysResetCauseGet)
                  2000d91c    00000060     gpiointerrupt.obj (.text:mainThread)
                  2000d97c    0000005c     nortos_cc32xx.a : ClockPSysTick_nortos.oem4 (.text:sysTickInit)
                  2000d9d8    00000058     driverlib.a : prcm.obj (.text:PRCMPeripheralReset)
                  2000da30    00000058     drivers_cc32xx.a : PowerCC32XX.oem4 (.text:Power_releaseDependency)
                  2000da88    00000052                      : PowerCC32XX_asm.oem4 (.text:PowerCC32XX_resumeLPDS)
                  2000dada    00000052                      : TimerCC32XX.oem4 (.text:initHw)
                  2000db2c    00000050     nortos_cc32xx.a : ClockPSysTick_nortos.oem4 (.text:ClockP_sysTickHandler)
                  2000db7c    00000050                     : SemaphoreP_nortos.oem4 (.text:SemaphoreP_construct)
                  2000dbcc    00000050     drivers_cc32xx.a : TimerCC32XX.oem4 (.text:TimerCC32XX_allocateTimerResource)
                  2000dc1c    0000004c                      : PowerCC32XX.oem4 (.text:PowerCC32XX_parkPin)
                  2000dc68    0000004c                      : PowerCC32XX.oem4 (.text:restorePeriphClocks)
                  2000dcb4    00000048     driverlib.a : flash.obj (.text:FlashDisable)
                  2000dcfc    00000048     drivers_cc32xx.a : GPIOCC32XX.oem4 (.text:GPIO_disableInt)
                  2000dd44    00000048                      : GPIOCC32XX.oem4 (.text:GPIO_enableInt)
                  2000dd8c    00000048     driverlib.a : prcm.obj (.text:PRCMLPDSEnter)
                  2000ddd4    00000048                 : prcm.obj (.text:PRCMPeripheralClkEnable)
                  2000de1c    00000048     drivers_cc32xx.a : PowerCC32XX.oem4 (.text:Power_releaseConstraint)
                  2000de64    00000046                      : TimerCC32XX.oem4 (.text:getPrescaler)
                  2000deaa    00000002     nortos_cc32xx.a : PowerCC32XX_nortos.oem4 (.text:PowerCC32XX_initPolicy)
                  2000deac    00000044                     : ClockPSysTick_nortos.oem4 (.text:ClockP_stop)
                  2000def0    00000044     driverlib.a : prcm.obj (.text:PRCMLPDSRestoreInfoSet)
                  2000df34    00000044     drivers_cc32xx.a : PowerCC32XX_asm.oem4 (.text:PowerCC32XX_enterLPDS)
                  2000df78    00000044     nortos_cc32xx.a : SemaphoreP_nortos.oem4 (.text:SemaphoreP_post)
                  2000dfbc    00000044                     : SwiP_nortos.oem4 (.text:SwiP_restore)
                  2000e000    00000044     drivers_cc32xx.a : Timer.oem4 (.text:Timer_start)
                  2000e044    00000044     rtsv7M4_T_le_eabi.lib : autoinit.c.obj (.text:__TI_auto_init_nobinit_nopinit:__TI_auto_init_nobinit_nopinit)
                  2000e088    00000040     driverlib.a : pin.obj (.text:PinModeSet)
                  2000e0c8    00000040     drivers_cc32xx.a : TimerCC32XX.oem4 (.text:TimerSupport_timerEnable)
                  2000e108    00000040                      : TimerCC32XX.oem4 (.text:Timer_close)
                  2000e148    00000040     gpiointerrupt.obj (.text:initTimer)
                  2000e188    0000003c     nortos_cc32xx.a : ClockPSysTick_nortos.oem4 (.text:ClockP_destruct)
                  2000e1c4    0000003c     drivers_cc32xx.a : PowerCC32XX.oem4 (.text:Power_setConstraint)
                  2000e200    0000003a     nortos_cc32xx.a : PowerCC32XX_nortos.oem4 (.text:getCountsRTC)
                  2000e23a    00000002                     : SemaphoreP_nortos.oem4 (.text:SemaphoreP_destruct)
                  2000e23c    00000038     driverlib.a : prcm.obj (.text:PRCMLPDSEnterKeepDebugIf)
                  2000e274    00000038     nortos_cc32xx.a : ClockPSysTick_nortos.oem4 (.text:addToList)
                  2000e2ac    00000038                     : startup_cc32xx_ccs.oem4 (.text:initVectors)
                  2000e2e4    00000038     drivers_cc32xx.a : PowerCC32XX.oem4 (.text:notify)
                  2000e31c    00000036     driverlib.a : timer.obj (.text:TimerControlStall)
                  2000e352    00000036     drivers_cc32xx.a : Timer.oem4 (.text:Timer_stop)
                  2000e388    00000034     nortos_cc32xx.a : ClockPSysTick_nortos.oem4 (.text:ClockP_getTicksUntilInterrupt)
                  2000e3bc    00000034                     : ClockPSysTick_nortos.oem4 (.text:ClockP_startup)
                  2000e3f0    00000034     driverlib.a : pin.obj (.text:PinModeGet)
                  2000e424    00000034     drivers_cc32xx.a : TimerCC32XX.oem4 (.text:TimerCC32XX_freeTimerResource)
                  2000e458    00000034                      : TimerCC32XX.oem4 (.text:TimerCC32XX_hwiIntFunction)
                  2000e48c    00000034                      : TimerCC32XX.oem4 (.text:getPowerMgrId)
                  2000e4c0    00000030     nortos_cc32xx.a : ClockPSysTick_nortos.oem4 (.text:ClockP_start)
                  2000e4f0    00000030     drivers_cc32xx.a : PowerCC32XX.oem4 (.text:PowerCC32XX_restoreParkedPin)
                  2000e520    0000002a     nortos_cc32xx.a : HwiPCC32XX_nortos.oem4 (.text:HwiP_create)
                  2000e54a    0000002a     driverlib.a : timer.obj (.text:TimerLoadSet)
                  2000e574    0000002a                 : timer.obj (.text:TimerPrescaleSet)
                  2000e59e    00000002     drivers_cc32xx.a : Timer.oem4 (.text:Timer_init)
                  2000e5a0    00000028     driverlib.a : prcm.obj (.text:PRCMPeripheralClkDisable)
                  2000e5c8    00000028     drivers_cc32xx.a : PowerCC32XX.oem4 (.text:Power_registerNotify)
                  2000e5f0    00000028     rtsv7M4_T_le_eabi.lib : memory.c.obj (.text:free_list_insert)
                  2000e618    00000026     drivers_cc32xx.a : List.oem4 (.text:List_put)
                  2000e63e    00000026                      : List.oem4 (.text:List_remove)
                  2000e664    00000024     nortos_cc32xx.a : HwiPCC32XX_nortos.oem4 (.text:HwiP_dispatch)
                  2000e688    00000024     drivers_cc32xx.a : TimerCC32XX.oem4 (.text:TimerSupport_timerDisable)
                  2000e6ac    00000024     rtsv7M4_T_le_eabi.lib : boot_cortex_m.c.obj (.text:_c_int00_noargs:_c_int00_noargs)
                  2000e6d0    00000020     nortos_cc32xx.a : HwiPCC32XX_nortos.oem4 (.text:HwiP_destruct)
                  2000e6f0    00000020     drivers_cc32xx.a : PowerCC32XX.oem4 (.text:Power_unregisterNotify)
                  2000e710    0000001e     nortos_cc32xx.a : SemaphoreP_nortos.oem4 (.text:SemaphoreP_constructBinary)
                  2000e72e    0000001e     driverlib.a : timer.obj (.text:TimerDisable)
                  2000e74c    0000001e                 : timer.obj (.text:TimerEnable)
                  2000e76a    00000002     rtsv7M4_T_le_eabi.lib : _lock.c.obj (.text:_nop)
                  2000e76c    0000001c     drivers_cc32xx.a : GPIO.oem4 (.text:GPIO_setCallback)
                  2000e788    0000001c     driverlib.a : pin.obj (.text:PinToPadGet)
                  2000e7a4    0000001c     nortos_cc32xx.a : SwiP_nortos.oem4 (.text:SwiP_disable)
                  2000e7c0    0000001c     rtsv7M4_T_le_eabi.lib : copy_zero_init.c.obj (.text:decompress:ZI:__TI_zero_init_nomemset:__TI_zero_init_nomemset)
                  2000e7dc    0000001c                           : memory.c.obj (.text:free_list_remove)
                  2000e7f8    0000001a     nortos_cc32xx.a : SemaphoreP_nortos.oem4 (.text:SemaphoreP_createBinary)
                  2000e812    00000002                     : startup_cc32xx_ccs.oem4 (.text:busFaultHandler)
                  2000e814    0000001a                     : startup_cc32xx_ccs.oem4 (.text:resetISR)
                  2000e82e    00000002                     : SemaphoreP_nortos.oem4 (.text:clkFxn)
                  2000e830    00000018     drivers_cc32xx.a : PowerCC32XX.oem4 (.text:Power_getTransitionLatency)
                  2000e848    00000018                      : PowerCC32XX.oem4 (.text:Power_idleFunc)
                  2000e860    00000018     driverlib.a : timer.obj (.text:TimerIntDisable)
                  2000e878    00000018                 : timer.obj (.text:TimerIntEnable)
                  2000e890    00000018     gpiointerrupt.obj (.text:gpioButtonFxn1)
                  2000e8a8    00000018     rtsv7M4_T_le_eabi.lib : ll_mul_t2.asm.obj (.text)
                  2000e8c0    00000016     driverlib.a : prcm.obj (.text:PRCMHIBRegRead)
                  2000e8d6    00000016                 : prcm.obj (.text:PRCMHIBRegWrite)
                  2000e8ec    00000016     nortos_cc32xx.a : SemaphoreP_nortos.oem4 (.text:SemaphoreP_create)
                  2000e902    00000014     ti_drivers_config.obj (.text:Board_init)
                  2000e916    00000014     driverlib.a : cpu.obj (.text:CPUcpsid)
                  2000e92a    00000002     nortos_cc32xx.a : startup_cc32xx_ccs.oem4 (.text:defaultHandler)
                  2000e92c    00000014                     : HwiPCC32XX_nortos.oem4 (.text:HwiP_inISR)
                  2000e940    00000014     driverlib.a : interrupt.obj (.text:IntVTableBaseSet)
                  2000e954    00000014     drivers_cc32xx.a : PowerCC32XX.oem4 (.text:Power_disablePolicy)
                  2000e968    00000014                      : PowerCC32XX.oem4 (.text:Power_getDependencyCount)
                  2000e97c    00000012     nortos_cc32xx.a : HwiPCC32XX_nortos.oem4 (.text:HwiP_Params_init)
                  2000e98e    00000012     driverlib.a : timer.obj (.text:TimerIntClear)
                  2000e9a0    00000012     main_nortos.obj (.text:main)
                  2000e9b2    00000010     nortos_cc32xx.a : ClockPSysTick_nortos.oem4 (.text:ClockP_add)
                  2000e9c2    00000002                     : startup_cc32xx_ccs.oem4 (.text:faultISR)
                  2000e9c4    00000010                     : ClockPSysTick_nortos.oem4 (.text:ClockP_getCpuFreq)
                  2000e9d4    00000010                     : ClockPSysTick_nortos.oem4 (.text:ClockP_getSystemTicks)
                  2000e9e4    00000010                     : ClockPSysTick_nortos.oem4 (.text:ClockP_setTicks)
                  2000e9f4    00000010                     : HwiPCC32XX_nortos.oem4 (.text:HwiP_delete)
                  2000ea04    00000010                     : HwiPCC32XX_nortos.oem4 (.text:HwiP_restore)
                  2000ea14    00000010     drivers_cc32xx.a : PowerCC32XX.oem4 (.text:Power_enablePolicy)
                  2000ea24    00000010     nortos_cc32xx.a : SemaphoreP_nortos.oem4 (.text:SemaphoreP_Params_init)
                  2000ea34    00000010     drivers_cc32xx.a : Timer.oem4 (.text:Timer_Params_init)
                  2000ea44    0000000e     nortos_cc32xx.a : HwiPCC32XX_nortos.oem4 (.text:HwiP_clearInterrupt)
                  2000ea52    0000000e                     : HwiPCC32XX_nortos.oem4 (.text:HwiP_disable)
                  2000ea60    0000000e                     : HwiPCC32XX_nortos.oem4 (.text:HwiP_enable)
                  2000ea6e    0000000e     rtsv7M4_T_le_eabi.lib : copy_decompress_none.c.obj (.text:decompress:none:__TI_decompress_none)
                  2000ea7c    0000000c     drivers_cc32xx.a : PowerCC32XX.oem4 (.text:Power_getConstraintMask)
                  2000ea88    0000000c                      : TimerCC32XX.oem4 (.text:postNotifyFxn)
                  2000ea94    0000000a     nortos_cc32xx.a : ClockPSysTick_nortos.oem4 (.text:ClockP_isActive)
                  2000ea9e    0000000a     driverlib.a : interrupt.obj (.text:IntMasterDisable)
                  2000eaa8    00000008     rtsv7M4_T_le_eabi.lib : memory.c.obj (.text:malloc)
                  2000eab0    00000006     driverlib.a : utils.obj (.text:UtilsDelay)
                  2000eab6    00000004     nortos_cc32xx.a : ClockPSysTick_nortos.oem4 (.text:ClockP_doTick)
                  2000eaba    00000004                     : HwiPCC32XX_nortos.oem4 (.text:HwiP_post)
                  2000eabe    00000004                     : SemaphoreP_nortos.oem4 (.text:SemaphoreP_delete)
                  2000eac2    00000004     rtsv7M4_T_le_eabi.lib : pre_init.c.obj (.text:_system_pre_init)
                  2000eac6    00000004                           : exit.c.obj (.text:abort:abort)
                  2000eaca    00000002     nortos_cc32xx.a : startup_cc32xx_ccs.oem4 (.text:nmiISR)
                  2000eacc    00000002     rtsv7M4_T_le_eabi.lib : div0.asm.obj (.text)

.const     0    2000f4f0    000002b0     
                  2000f4f0    00000100     driverlib.a : pin.obj (.const:g_ulPinToPadMap)
                  2000f5f0    000000a8                 : prcm.obj (.const:PRCM_PeriphRegsList)
                  2000f698    00000044     ti_drivers_config.obj (.const:PowerCC32XX_config)
                  2000f6dc    00000028     drivers_cc32xx.a : GPIOCC32XX.oem4 (.const:portConfigs)
                  2000f704    00000021                      : GPIOCC32XX.oem4 (.const:.string:pinTable)
                  2000f725    00000003     --HOLE-- [fill = 0]
                  2000f728    00000018     driverlib.a : interrupt.obj (.const:g_pulEnRegs)
                  2000f740    00000018                 : interrupt.obj (.const:g_pulPendRegs)
                  2000f758    00000010     ti_drivers_config.obj (.const:GPIO_config)
                  2000f768    00000010     ti_drivers_config.obj (.const:timerCC32XXHWAttrs)
                  2000f778    0000000c     drivers_cc32xx.a : Timer.oem4 (.const:defaultParams)
                  2000f784    0000000c                      : TimerCC32XX.oem4 (.const:defaultParams)
                  2000f790    00000008     ti_drivers_config.obj (.const:Timer_config)
                  2000f798    00000008     ti_drivers_config.obj (.const)

.cinit     0    2000f7a0    00000110     
                  2000f7a0    000000ec     (.cinit..data.load) [load image, compression = lzss]
                  2000f88c    0000000c     (__TI_handler_table)
                  2000f898    00000008     (.cinit..bss.load) [load image, compression = zero_init]
                  2000f8a0    00000010     (__TI_cinit_table)

.init_array 
*          0    20004000    00000000     UNINITIALIZED

.ramVecs   0    20000000    0000030c     NOLOAD SECTION
                  20000000    0000030c     nortos_cc32xx.a : startup_cc32xx_ccs.oem4 (.ramVecs)

.stack     0    20003000    00001000     UNINITIALIZED
                  20003000    00000004     rtsv7M4_T_le_eabi.lib : boot_cortex_m.c.obj (.stack)
                  20003004    00000ffc     --HOLE--

.resetVecs 
*          0    20004000    00000040     
                  20004000    00000040     nortos_cc32xx.a : startup_cc32xx_ccs.oem4 (.resetVecs:retain)

.sysmem    0    20004040    00008000     UNINITIALIZED
                  20004040    00000010     rtsv7M4_T_le_eabi.lib : memory.c.obj (.sysmem)
                  20004050    00007ff0     --HOLE--

.data      0    2000ead0    00000722     UNINITIALIZED
                  2000ead0    0000030c     nortos_cc32xx.a : HwiPCC32XX_nortos.oem4 (.data:HwiP_dispatchTable)
                  2000eddc    0000016c     drivers_cc32xx.a : PowerCC32XX.oem4 (.data:PowerCC32XX_module)
                  2000ef48    00000104     gpiointerrupt.obj (.data:$O1$$)
                  2000f04c    000000f8     ti_drivers_config.obj (.data:parkInfo)
                  2000f144    00000084     ti_drivers_config.obj (.data:gpioPinConfigs)
                  2000f1c8    00000008     rtsv7M4_T_le_eabi.lib : _lock.c.obj (.data:$O1$$)
                  2000f1d0    00000008                           : memory.c.obj (.data:$O1$$)
                  2000f1d8    00000008     nortos_cc32xx.a : SemaphoreP_nortos.oem4 (.data:SemaphoreP_defaultParams)
                  2000f1e0    00000008                     : HwiPCC32XX_nortos.oem4 (.data)
                  2000f1e8    00000005                     : ClockPSysTick_nortos.oem4 (.data)
                  2000f1ed    00000003                     : SemaphoreP_nortos.oem4 (.data)
                  2000f1f0    00000002     drivers_cc32xx.a : GPIOCC32XX.oem4 (.data)

.bss       0    2000f1f8    000002f8     UNINITIALIZED
                  2000f1f8    0000012c     (.common:PowerCC32XX_contextSave)
                  2000f324    00000084     (.common:gpioCallbackFunctions)
                  2000f3a8    00000084     (.common:gpioUserArgs)
                  2000f42c    00000084     (.common:timerCC32XXObjects)
                  2000f4b0    00000014     drivers_cc32xx.a : GPIOCC32XX.oem4 (.bss:powerNotifyObj)
                  2000f4c4    00000004                      : GPIOCC32XX.oem4 (.bss)
                  2000f4c8    00000010     (.common:ClockP_ctrl)
                  2000f4d8    0000000d     nortos_cc32xx.a : SwiP_nortos.oem4 (.bss)
                  2000f4e5    00000003     --HOLE--
                  2000f4e8    00000004                     : ClockPSysTick_nortos.oem4 (.bss)
                  2000f4ec    00000004     drivers_cc32xx.a : TimerCC32XX.oem4 (.bss:timerState)

.log_data 
*          0    90000000    00000000     COPY SECTION

__llvm_prf_cnts 
*          0    20004000    00000000     UNINITIALIZED

MODULE SUMMARY

       Module                       code    ro data   rw data
       ------                       ----    -------   -------
    .\
       gpiointerrupt.obj            348     0         260    
       main_nortos.obj              18      0         0      
    +--+----------------------------+-------+---------+---------+
       Total:                       366     0         260    
                                                             
    .\syscfg\
       ti_drivers_config.obj        22      116       776    
    +--+----------------------------+-------+---------+---------+
       Total:                       22      116       776    
                                                             
    C:/ti/simplelink_cc32xx_sdk_6_10_00_05/kernel/nortos/lib/ccs/m4/nortos_cc32xx.a
       HwiPCC32XX_nortos.oem4       366     0         788    
       startup_cc32xx_ccs.oem4      90      64        780    
       ClockPSysTick_nortos.oem4    586     0         25     
       PowerCC32XX_nortos.oem4      476     0         0      
       SemaphoreP_nortos.oem4       410     0         11     
       SwiP_nortos.oem4             96      0         13     
    +--+----------------------------+-------+---------+---------+
       Total:                       2024    64        1617   
                                                             
    C:/ti/simplelink_cc32xx_sdk_6_10_00_05/source/ti/devices/cc32xx/driverlib/ccs/Release/driverlib.a
       prcm.obj                     1604    168       0      
       pin.obj                      280     256       0      
       interrupt.obj                334     48        0      
       timer.obj                    264     0         0      
       flash.obj                    72      0         0      
       cpu.obj                      20      0         0      
       utils.obj                    6       0         0      
    +--+----------------------------+-------+---------+---------+
       Total:                       2580    472       0      
                                                             
    C:/ti/simplelink_cc32xx_sdk_6_10_00_05/source/ti/drivers/lib/ccs/m4/drivers_cc32xx.a
       PowerCC32XX.oem4             2300    0         664    
       GPIOCC32XX.oem4              1068    73        26     
       TimerCC32XX.oem4             876     12        4      
       Timer.oem4                   140     12        0      
       PowerCC32XX_asm.oem4         150     0         0      
       List.oem4                    76      0         0      
       GPIO.oem4                    28      0         0      
    +--+----------------------------+-------+---------+---------+
       Total:                       4638    97        694    
                                                             
    C:\ti\ccs1120\ccs\tools\compiler\ti-cgt-arm_20.2.5.LTS\lib\rtsv7M4_T_le_eabi.lib
       memory.c.obj                 672     0         8      
       memcpy_t2.asm.obj            156     0         0      
       ull_div_t2.asm.obj           150     0         0      
       copy_decompress_lzss.c.obj   104     0         0      
       autoinit.c.obj               68      0         0      
       boot_cortex_m.c.obj          36      0         0      
       copy_zero_init.c.obj         28      0         0      
       ll_mul_t2.asm.obj            24      0         0      
       copy_decompress_none.c.obj   14      0         0      
       _lock.c.obj                  2       0         8      
       exit.c.obj                   4       0         0      
       pre_init.c.obj               4       0         0      
       div0.asm.obj                 2       0         0      
    +--+----------------------------+-------+---------+---------+
       Total:                       1264    0         16     
                                                             
       Heap:                        0       0         32768  
       Stack:                       0       0         4096   
       Linker Generated:            0       272       0      
    +--+----------------------------+-------+---------+---------+
       Grand Total:                 10894   1021      40227  


LINKER GENERATED COPY TABLES

__TI_cinit_table @ 2000f8a0 records: 2, size/record: 8, table size: 16
	.data: load addr=2000f7a0, load size=000000ec bytes, run addr=2000ead0, run size=00000722 bytes, compression=lzss
	.bss: load addr=2000f898, load size=00000008 bytes, run addr=2000f1f8, run size=000002f8 bytes, compression=zero_init


LINKER GENERATED HANDLER TABLE

__TI_handler_table @ 2000f88c records: 3, size/record: 4, table size: 12
	index: 0, handler: __TI_decompress_lzss
	index: 1, handler: __TI_decompress_none
	index: 2, handler: __TI_zero_init


GLOBAL SYMBOLS: SORTED ALPHABETICALLY BY Name 

address   name                             
-------   ----                             
2000ef49  BUTTON_INIT                      
2000ef48  BUTTON_STATE                     
2000e903  Board_init                       
2000d183  Board_initHook                   
2000eac7  C$$EXIT                          
2000f79a  CONFIG_GPIO_BUTTON_0_CONST       
2000f79b  CONFIG_GPIO_BUTTON_1_CONST       
2000f79c  CONFIG_GPIO_LED_0_CONST          
2000f79d  CONFIG_GPIO_LED_1_CONST          
2000f79e  CONFIG_TIMER_0_CONST             
2000e917  CPUcpsid                         
2000e9b3  ClockP_add                       
2000f4c8  ClockP_ctrl                      
2000e189  ClockP_destruct                  
2000eab7  ClockP_doTick                    
2000e9c5  ClockP_getCpuFreq                
2000e9d5  ClockP_getSystemTicks            
2000e389  ClockP_getTicksUntilInterrupt    
2000ea95  ClockP_isActive                  
2000e9e5  ClockP_setTicks                  
2000e4c1  ClockP_start                     
2000e3bd  ClockP_startup                   
2000dead  ClockP_stop                      
2000db2d  ClockP_sysTickHandler            
2000f1e8  ClockP_tickPeriod                
2000dcb5  FlashDisable                     
2000f758  GPIO_config                      
2000dcfd  GPIO_disableInt                  
2000dd45  GPIO_enableInt                   
2000d85d  GPIO_hwiIntFxn                   
2000d185  GPIO_init                        
2000f798  GPIO_pinLowerBound               
2000f799  GPIO_pinUpperBound               
2000e76d  GPIO_setCallback                 
2000c60d  GPIO_setConfig                   
2000d795  GPIO_setInterruptConfig          
2000d549  GPIO_write                       
2000e97d  HwiP_Params_init                 
2000ea45  HwiP_clearInterrupt              
2000d2a5  HwiP_construct                   
2000e521  HwiP_create                      
2000e9f5  HwiP_delete                      
2000e6d1  HwiP_destruct                    
2000ea53  HwiP_disable                     
2000e665  HwiP_dispatch                    
2000ea61  HwiP_enable                      
2000e92d  HwiP_inISR                       
2000f1e0  HwiP_key                         
2000eabb  HwiP_post                        
2000ea05  HwiP_restore                     
2000f1e4  HwiP_swiPIntNum                  
UNDEFED   ITM_flush                        
UNDEFED   ITM_restore                      
2000cdbd  IntEnable                        
2000ea9f  IntMasterDisable                 
2000d331  IntPendSet                       
2000e941  IntVTableBaseSet                 
2000e619  List_put                         
2000e63f  List_remove                      
2000ea61  NoRTOS_start                     
2000ef4c  OK_LEDs                          
2000c041  PRCMCC3200MCUInit                
2000e8c1  PRCMHIBRegRead                   
2000e8d7  PRCMHIBRegWrite                  
2000dd8d  PRCMLPDSEnter                    
2000e23d  PRCMLPDSEnterKeepDebugIf         
2000def1  PRCMLPDSRestoreInfoSet           
2000e5a1  PRCMPeripheralClkDisable         
2000ddd5  PRCMPeripheralClkEnable          
2000d9d9  PRCMPeripheralReset              
2000d8bd  PRCMSysResetCauseGet             
2000d3b9  PinConfigSet                     
2000e3f1  PinModeGet                       
2000e089  PinModeSet                       
2000e789  PinToPadGet                      
2000f698  PowerCC32XX_config               
2000ce65  PowerCC32XX_configureWakeup      
2000f1f8  PowerCC32XX_contextSave          
2000df35  PowerCC32XX_enterLPDS            
2000deab  PowerCC32XX_initPolicy           
2000eddc  PowerCC32XX_module               
2000dc1d  PowerCC32XX_parkPin              
2000e4f1  PowerCC32XX_restoreParkedPin     
2000da89  PowerCC32XX_resumeLPDS           
2000d7f9  PowerCC32XX_setParkState         
2000c46d  PowerCC32XX_sleepPolicy          
2000e955  Power_disablePolicy              
2000ea15  Power_enablePolicy               
2000ea7d  Power_getConstraintMask          
2000e969  Power_getDependencyCount         
2000e831  Power_getTransitionLatency       
2000e849  Power_idleFunc                   
2000d441  Power_init                       
2000e5c9  Power_registerNotify             
2000de1d  Power_releaseConstraint          
2000da31  Power_releaseDependency          
2000e1c5  Power_setConstraint              
2000d5c9  Power_setDependency              
2000c8a9  Power_sleep                      
2000e6f1  Power_unregisterNotify           
2000efc4  SOS_LEDs                         
2000ea25  SemaphoreP_Params_init           
2000db7d  SemaphoreP_construct             
2000e711  SemaphoreP_constructBinary       
2000e8ed  SemaphoreP_create                
2000e7f9  SemaphoreP_createBinary          
2000f1d8  SemaphoreP_defaultParams         
2000eabf  SemaphoreP_delete                
2000e23b  SemaphoreP_destruct              
2000cfb1  SemaphoreP_pend                  
2000df79  SemaphoreP_post                  
2000e7a5  SwiP_disable                     
2000dfbd  SwiP_restore                     
2000dbcd  TimerCC32XX_allocateTimerResource
2000e425  TimerCC32XX_freeTimerResource    
2000e31d  TimerControlStall                
2000e72f  TimerDisable                     
2000e74d  TimerEnable                      
2000e98f  TimerIntClear                    
2000e861  TimerIntDisable                  
2000e879  TimerIntEnable                   
2000e54b  TimerLoadSet                     
2000e575  TimerPrescaleSet                 
2000e689  TimerSupport_timerDisable        
2000e0c9  TimerSupport_timerEnable         
2000ea35  Timer_Params_init                
2000e109  Timer_close                      
2000f790  Timer_config                     
2000f79f  Timer_count                      
2000e59f  Timer_init                       
2000c9e1  Timer_open                       
2000e001  Timer_start                      
2000e353  Timer_stop                       
2000eab1  UtilsDelay                       
20004000  __STACK_END                      
00001000  __STACK_SIZE                     
00008000  __SYSMEM_SIZE                    
2000f8a0  __TI_CINIT_Base                  
2000f8b0  __TI_CINIT_Limit                 
2000f88c  __TI_Handler_Table_Base          
2000f898  __TI_Handler_Table_Limit         
2000e045  __TI_auto_init_nobinit_nopinit   
2000d72d  __TI_decompress_lzss             
2000ea6f  __TI_decompress_none             
ffffffff  __TI_pprof_out_hndl              
ffffffff  __TI_prof_data_size              
ffffffff  __TI_prof_data_start             
2000f7a0  __TI_static_base__               
2000e7c1  __TI_zero_init_nomemset          
2000eacd  __aeabi_idiv0                    
2000eacd  __aeabi_ldiv0                    
2000e8a9  __aeabi_lmul                     
2000d051  __aeabi_memcpy                   
2000d051  __aeabi_memcpy4                  
2000d051  __aeabi_memcpy8                  
2000d0ed  __aeabi_uldivmod                 
ffffffff  __binit__                        
ffffffff  __c_args__                       
UNDEFED   __mpu_init                       
20003000  __stack                          
20004000  __start___llvm_prf_cnts          
20004000  __stop___llvm_prf_cnts           
2000e6ad  _c_int00_noargs                  
2000f1c8  _lock                            
2000e76b  _nop                             
20004040  _sys_memory                      
UNDEFED   _system_post_cinit               
2000eac3  _system_pre_init                 
2000f1cc  _unlock                          
2000eac7  abort                            
2000cb19  aligned_alloc                    
ffffffff  binit                            
2000e82f  clkFxn                           
2000cc19  free                             
2000e891  gpioButtonFxn1                   
2000f324  gpioCallbackFunctions            
2000f144  gpioPinConfigs                   
2000f3a8  gpioUserArgs                     
2000ef4a  i                                
2000e149  initTimer                        
2000e2ad  initVectors                      
2000e9a1  main                             
2000d91d  mainThread                       
2000eaa9  malloc                           
2000cb19  memalign                         
2000d051  memcpy                           
2000f04c  parkInfo                         
2000e815  resetISR                         
2000e828  resetVectorAddr                  
20004000  resetVectors                     
2000ef4b  state                            
2000f768  timerCC32XXHWAttrs               
2000f42c  timerCC32XXObjects               
2000cf0d  timerCallback                    


GLOBAL SYMBOLS: SORTED BY Symbol Address 

address   name                             
-------   ----                             
00001000  __STACK_SIZE                     
00008000  __SYSMEM_SIZE                    
20003000  __stack                          
20004000  __STACK_END                      
20004000  __start___llvm_prf_cnts          
20004000  __stop___llvm_prf_cnts           
20004000  resetVectors                     
20004040  _sys_memory                      
2000c041  PRCMCC3200MCUInit                
2000c46d  PowerCC32XX_sleepPolicy          
2000c60d  GPIO_setConfig                   
2000c8a9  Power_sleep                      
2000c9e1  Timer_open                       
2000cb19  aligned_alloc                    
2000cb19  memalign                         
2000cc19  free                             
2000cdbd  IntEnable                        
2000ce65  PowerCC32XX_configureWakeup      
2000cf0d  timerCallback                    
2000cfb1  SemaphoreP_pend                  
2000d051  __aeabi_memcpy                   
2000d051  __aeabi_memcpy4                  
2000d051  __aeabi_memcpy8                  
2000d051  memcpy                           
2000d0ed  __aeabi_uldivmod                 
2000d183  Board_initHook                   
2000d185  GPIO_init                        
2000d2a5  HwiP_construct                   
2000d331  IntPendSet                       
2000d3b9  PinConfigSet                     
2000d441  Power_init                       
2000d549  GPIO_write                       
2000d5c9  Power_setDependency              
2000d72d  __TI_decompress_lzss             
2000d795  GPIO_setInterruptConfig          
2000d7f9  PowerCC32XX_setParkState         
2000d85d  GPIO_hwiIntFxn                   
2000d8bd  PRCMSysResetCauseGet             
2000d91d  mainThread                       
2000d9d9  PRCMPeripheralReset              
2000da31  Power_releaseDependency          
2000da89  PowerCC32XX_resumeLPDS           
2000db2d  ClockP_sysTickHandler            
2000db7d  SemaphoreP_construct             
2000dbcd  TimerCC32XX_allocateTimerResource
2000dc1d  PowerCC32XX_parkPin              
2000dcb5  FlashDisable                     
2000dcfd  GPIO_disableInt                  
2000dd45  GPIO_enableInt                   
2000dd8d  PRCMLPDSEnter                    
2000ddd5  PRCMPeripheralClkEnable          
2000de1d  Power_releaseConstraint          
2000deab  PowerCC32XX_initPolicy           
2000dead  ClockP_stop                      
2000def1  PRCMLPDSRestoreInfoSet           
2000df35  PowerCC32XX_enterLPDS            
2000df79  SemaphoreP_post                  
2000dfbd  SwiP_restore                     
2000e001  Timer_start                      
2000e045  __TI_auto_init_nobinit_nopinit   
2000e089  PinModeSet                       
2000e0c9  TimerSupport_timerEnable         
2000e109  Timer_close                      
2000e149  initTimer                        
2000e189  ClockP_destruct                  
2000e1c5  Power_setConstraint              
2000e23b  SemaphoreP_destruct              
2000e23d  PRCMLPDSEnterKeepDebugIf         
2000e2ad  initVectors                      
2000e31d  TimerControlStall                
2000e353  Timer_stop                       
2000e389  ClockP_getTicksUntilInterrupt    
2000e3bd  ClockP_startup                   
2000e3f1  PinModeGet                       
2000e425  TimerCC32XX_freeTimerResource    
2000e4c1  ClockP_start                     
2000e4f1  PowerCC32XX_restoreParkedPin     
2000e521  HwiP_create                      
2000e54b  TimerLoadSet                     
2000e575  TimerPrescaleSet                 
2000e59f  Timer_init                       
2000e5a1  PRCMPeripheralClkDisable         
2000e5c9  Power_registerNotify             
2000e619  List_put                         
2000e63f  List_remove                      
2000e665  HwiP_dispatch                    
2000e689  TimerSupport_timerDisable        
2000e6ad  _c_int00_noargs                  
2000e6d1  HwiP_destruct                    
2000e6f1  Power_unregisterNotify           
2000e711  SemaphoreP_constructBinary       
2000e72f  TimerDisable                     
2000e74d  TimerEnable                      
2000e76b  _nop                             
2000e76d  GPIO_setCallback                 
2000e789  PinToPadGet                      
2000e7a5  SwiP_disable                     
2000e7c1  __TI_zero_init_nomemset          
2000e7f9  SemaphoreP_createBinary          
2000e815  resetISR                         
2000e828  resetVectorAddr                  
2000e82f  clkFxn                           
2000e831  Power_getTransitionLatency       
2000e849  Power_idleFunc                   
2000e861  TimerIntDisable                  
2000e879  TimerIntEnable                   
2000e891  gpioButtonFxn1                   
2000e8a9  __aeabi_lmul                     
2000e8c1  PRCMHIBRegRead                   
2000e8d7  PRCMHIBRegWrite                  
2000e8ed  SemaphoreP_create                
2000e903  Board_init                       
2000e917  CPUcpsid                         
2000e92d  HwiP_inISR                       
2000e941  IntVTableBaseSet                 
2000e955  Power_disablePolicy              
2000e969  Power_getDependencyCount         
2000e97d  HwiP_Params_init                 
2000e98f  TimerIntClear                    
2000e9a1  main                             
2000e9b3  ClockP_add                       
2000e9c5  ClockP_getCpuFreq                
2000e9d5  ClockP_getSystemTicks            
2000e9e5  ClockP_setTicks                  
2000e9f5  HwiP_delete                      
2000ea05  HwiP_restore                     
2000ea15  Power_enablePolicy               
2000ea25  SemaphoreP_Params_init           
2000ea35  Timer_Params_init                
2000ea45  HwiP_clearInterrupt              
2000ea53  HwiP_disable                     
2000ea61  HwiP_enable                      
2000ea61  NoRTOS_start                     
2000ea6f  __TI_decompress_none             
2000ea7d  Power_getConstraintMask          
2000ea95  ClockP_isActive                  
2000ea9f  IntMasterDisable                 
2000eaa9  malloc                           
2000eab1  UtilsDelay                       
2000eab7  ClockP_doTick                    
2000eabb  HwiP_post                        
2000eabf  SemaphoreP_delete                
2000eac3  _system_pre_init                 
2000eac7  C$$EXIT                          
2000eac7  abort                            
2000eacd  __aeabi_idiv0                    
2000eacd  __aeabi_ldiv0                    
2000eddc  PowerCC32XX_module               
2000ef48  BUTTON_STATE                     
2000ef49  BUTTON_INIT                      
2000ef4a  i                                
2000ef4b  state                            
2000ef4c  OK_LEDs                          
2000efc4  SOS_LEDs                         
2000f04c  parkInfo                         
2000f144  gpioPinConfigs                   
2000f1c8  _lock                            
2000f1cc  _unlock                          
2000f1d8  SemaphoreP_defaultParams         
2000f1e0  HwiP_key                         
2000f1e4  HwiP_swiPIntNum                  
2000f1e8  ClockP_tickPeriod                
2000f1f8  PowerCC32XX_contextSave          
2000f324  gpioCallbackFunctions            
2000f3a8  gpioUserArgs                     
2000f42c  timerCC32XXObjects               
2000f4c8  ClockP_ctrl                      
2000f698  PowerCC32XX_config               
2000f758  GPIO_config                      
2000f768  timerCC32XXHWAttrs               
2000f790  Timer_config                     
2000f798  GPIO_pinLowerBound               
2000f799  GPIO_pinUpperBound               
2000f79a  CONFIG_GPIO_BUTTON_0_CONST       
2000f79b  CONFIG_GPIO_BUTTON_1_CONST       
2000f79c  CONFIG_GPIO_LED_0_CONST          
2000f79d  CONFIG_GPIO_LED_1_CONST          
2000f79e  CONFIG_TIMER_0_CONST             
2000f79f  Timer_count                      
2000f7a0  __TI_static_base__               
2000f88c  __TI_Handler_Table_Base          
2000f898  __TI_Handler_Table_Limit         
2000f8a0  __TI_CINIT_Base                  
2000f8b0  __TI_CINIT_Limit                 
ffffffff  __TI_pprof_out_hndl              
ffffffff  __TI_prof_data_size              
ffffffff  __TI_prof_data_start             
ffffffff  __binit__                        
ffffffff  __c_args__                       
ffffffff  binit                            
UNDEFED   ITM_flush                        
UNDEFED   ITM_restore                      
UNDEFED   __mpu_init                       
UNDEFED   _system_post_cinit               

[194 symbols]
